%!Adobe-FontList 1.25
%Locale:0x412

%BeginFont
Handler:DirectoryHandler
FontType:Invalid
OutlineFileName:C:\popups\popups-develop\pupoo_frontend\public\Font\Pretendard-Black.woff
FileModTime:1772162555
%EndFont

%BeginFont
Handler:DirectoryHandler
FontType:Invalid
OutlineFileName:C:\popups\popups-develop\pupoo_frontend\public\Font\Pretendard-Bold.woff
FileModTime:1772162555
%EndFont

%BeginFont
Handler:DirectoryHandler
FontType:Invalid
OutlineFileName:C:\popups\popups-develop\pupoo_frontend\public\Font\Pretendard-ExtraBold.woff
FileModTime:1772162555
%EndFont

%BeginFont
Handler:DirectoryHandler
FontType:Invalid
OutlineFileName:C:\popups\popups-develop\pupoo_frontend\public\Font\Pretendard-ExtraLight.woff
FileModTime:1772162555
%EndFont

%BeginFont
Handler:DirectoryHandler
FontType:Invalid
OutlineFileName:C:\popups\popups-develop\pupoo_frontend\public\Font\Pretendard-Light.woff
FileModTime:1772162555
%EndFont

%BeginFont
Handler:DirectoryHandler
FontType:Invalid
OutlineFileName:C:\popups\popups-develop\pupoo_frontend\public\Font\Pretendard-Medium.woff
FileModTime:1772162555
%EndFont

%BeginFont
Handler:DirectoryHandler
FontType:Invalid
OutlineFileName:C:\popups\popups-develop\pupoo_frontend\public\Font\Pretendard-Regular.woff
FileModTime:1772162555
%EndFont

%BeginFont
Handler:DirectoryHandler
FontType:Invalid
OutlineFileName:C:\popups\popups-develop\pupoo_frontend\public\Font\Pretendard-SemiBold.woff
FileModTime:1772162555
%EndFont

%BeginFont
Handler:DirectoryHandler
FontType:Invalid
OutlineFileName:C:\popups\popups-develop\pupoo_frontend\public\Font\Pretendard-Thin.woff
FileModTime:1772162555
%EndFont

